// Vitest Snapshot v1, https://vitest.dev/guide/snapshot.html

exports[`ProfileForm > matches snapshot 1`] = `
<DocumentFragment>
  <p>
    Loading...
  </p>
</DocumentFragment>
`;
