// Vitest Snapshot v1, https://vitest.dev/guide/snapshot.html

exports[`SignupForm Component > matches snapshot 1`] = `
<DocumentFragment>
  <div
    class="m-auto cntr container"
  >
    <form
      class=""
    >
      <h1
        class="signup-h1"
      >
        Sign Up
      </h1>
      <div
        class="mb-3"
      >
        <label
          class="form-label"
          for="username"
        >
          Username:
        </label>
        <input
          class="form-control"
          id="username"
          placeholder="Enter username"
          required=""
          type="text"
          value=""
        />
      </div>
      <div
        class="mb-3"
      >
        <label
          class="form-label"
          for="email"
        >
          Email:
        </label>
        <input
          class="form-control"
          id="email"
          placeholder="Enter email"
          required=""
          type="email"
          value=""
        />
      </div>
      <div
        class="mb-3"
      >
        <label
          class="form-label"
          for="password"
        >
          Password:
        </label>
        <input
          class="form-control"
          id="password"
          placeholder="Enter password"
          required=""
          type="password"
          value=""
        />
      </div>
      <button
        class="btn auth-btn btn btn-primary"
        type="submit"
      >
        Submit
      </button>
      <a
        class="nav-link my-3 nav-link"
        exact="true"
        href="/login"
      >
        Already have an account?
      </a>
    </form>
  </div>
</DocumentFragment>
`;
